pages/DoctorProfilePage.tsx(131,37): error TS2304: Cannot find name 'Stethoscope'.
pages/DoctorProfilePage.tsx(190,77): error TS2552: Cannot find name 'Users'. Did you mean 'User'?
pages/ProfilePage.tsx(148,37): error TS2339: Property 'bloodGroup' does not exist on type '{ id?: string; email?: string; name: string; age: number; gender: string; medicalHistory: string; medicalEvents: MedicalEvent[]; reports: MedicalReport[]; allergies: string[]; medications: Medication[]; emergencyContact: { ...; }; }'.
